# --------------------------------------------------- // System
bluez
bluez-utils
blueman
brightnessctl
downgrade
gufw
i2c-tools
networkmanager
network-manager-applet
pipewire
pipewire-alsa
pipewire-audio
pipewire-jack
pipewire-pulse
gst-plugin-pipewire
pavucontrol
pamixer
wireplumber
wl-clipboard

# --------------------------------------------------- // WM
dunst
grimblast-git
hyprland-git
hyprland-qtutils-git
hyprlock-git
hyprpicker
hyprsunset
rofi-lbonn-wayland-git
slurp
swappy
swww-git
waybar-git
wlogout
xdg-desktop-portal-hyprland-git

# --------------------------------------------------- // Dependencies
ffmpegthumbs
imagemagick
pacman-contrib
parallel
polkit-gnome
python-pyamdgpuinfo
libnotify

# --------------------------------------------------- // Theming
kvantum
kvantum-qt5
nwg-look
qt5-wayland
qt6-wayland
qt5ct
qt6ct
tela-circle-icon-theme-all


# --------------------------------------------------- // Fonts
noto-fonts-emoji
ttf-dejavu
ttf-droid
ttf-fira-code
ttf-font-awesome
ttf-jetbrains-mono
ttf-jetbrains-mono-nerd
ttf-liberation
ttf-meslo-nerd
ttf-nerd-fonts-symbols
ttf-nerd-fonts-symbols-common
ttf-nerd-fonts-symbols-mono
ttf-roboto

# --------------------------------------------------- // Display Manager
sddm-git
sddm-theme-corners-git
qt5-quickcontrols
qt5-quickcontrols2
qt5-graphicaleffects

# --------------------------------------------------- // Shell
eza
fastfetch
fish
kitty-git
oh-my-posh-bin
translate-shell
rclone-git
rsync
stow
yazi
zoxide

# --------------------------------------------------- // Multimedia
cava
cmus
easyeffects
easytags
imv
mpv
freetube-bin
lollypop
phonon-qt6-mpv-git
spicetify-cli
spotify
spotdl
spotx-git
yt-dlp

# --------------------------------------------------- // Gaming
steam
steamtinkerlaunch
heroic-games-launcher-bin
protonup-qt
protontricks-git
reshade-steam-proton-git
winetricks

# --------------------------------------------------- // Dev
appflowy-bin
neovim
python-pip
python-pipx
vscodium
vim

# --------------------------------------------------- // Applications
apparmor
baobab
coolercontrol-bin
coolercontrol-liqctld
drawio-desktop
keepassxc
localsend-bin
logseq-desktop-bin
proton-mail
proton-pass
proton-vpn-gtk-app
qbittorrent
session-desktop-bin
syncthing
timeshift
torbrowser-launcher
ventoy
veracrypt-git
webcord-git
zen-browser-bin

# --------------------------------------------------- // Dolphin
dolphin
ark
kde-cli-tools
